../HAL/Source/HAL_GPIO.c:20:13:checkGPIO	16	static
../HAL/Source/HAL_GPIO.c:37:6:HAL_SetGPIO	16	static
../HAL/Source/HAL_GPIO.c:49:6:HAL_ResetGPIO	16	static
../HAL/Source/HAL_GPIO.c:62:6:HAL_GPIO_SetMode	24	static
../HAL/Source/HAL_GPIO.c:74:9:HAL_GPIO_ReadDataInput	24	static
../HAL/Source/HAL_GPIO.c:90:6:HAL_TongglePin	16	static
../HAL/Source/HAL_GPIO.c:100:6:HAL_Mux	24	static
../HAL/Source/HAL_GPIO.c:111:6:HAL_ISRQMode	24	static
../HAL/Source/HAL_GPIO.c:123:6:HAL_ClearInterruptFlag	16	static
../HAL/Source/HAL_GPIO.c:134:9:HAL_ReadInterruptFlag	32	static
../HAL/Source/HAL_GPIO.c:150:6:HAL_WritePSFeild	24	static
../HAL/Source/HAL_GPIO.c:160:6:HAL_WritePEFeild	24	static
../HAL/Source/HAL_GPIO.c:170:6:HAL_IntPortBCDHandleFunc	16	static
../HAL/Source/HAL_GPIO.c:180:6:PORTBCD_IRQHandler	8	static
