../HAL/Source/HAL_LPIT.c:23:6:HAL_WriteSW_RST	16	static
../HAL/Source/HAL_LPIT.c:34:6:HAL_WriteM_CEN	16	static
../HAL/Source/HAL_LPIT.c:45:6:HAL_WriteDOZE_EN	16	static
../HAL/Source/HAL_LPIT.c:56:6:HAL_WriteDBG_EN	16	static
../HAL/Source/HAL_LPIT.c:68:6:HAL_WriteT_EN	16	static
../HAL/Source/HAL_LPIT.c:80:6:HAL_WriteCHAIN	16	static
../HAL/Source/HAL_LPIT.c:92:6:HAL_WriteMODE	16	static
../HAL/Source/HAL_LPIT.c:104:6:HAL_WriteTMR_VAL	24	static
../HAL/Source/HAL_LPIT.c:116:6:HAL_WriteTIE	16	static
../HAL/Source/HAL_LPIT.c:127:6:HAL_ClearLPITIntFlag	16	static
../HAL/Source/HAL_LPIT.c:137:6:HAL_RegsiterLPITIRQHandler	16	static
../HAL/Source/HAL_LPIT.c:147:6:LPIT0_IRQHandler	8	static
