../HAL/Source/HAL_Flash.c:17:6:HAL_FLASH_Clear_CCIF	8	static
../HAL/Source/HAL_Flash.c:27:6:HAL_FLASH_Write_FCCOB0	16	static
../HAL/Source/HAL_Flash.c:37:6:HAL_FLASH_Write_FCCOB1	16	static
../HAL/Source/HAL_Flash.c:47:6:HAL_FLASH_Write_FCCOB2	16	static
../HAL/Source/HAL_Flash.c:57:6:HAL_FLASH_Write_FCCOB3	16	static
../HAL/Source/HAL_Flash.c:67:6:HAL_FLASH_Write_FCCOB4	16	static
../HAL/Source/HAL_Flash.c:77:6:HAL_FLASH_Write_FCCOB5	16	static
../HAL/Source/HAL_Flash.c:87:6:HAL_FLASH_Write_FCCOB6	16	static
../HAL/Source/HAL_Flash.c:97:6:HAL_FLASH_Write_FCCOB7	16	static
