../HAL/Source/HAL_LPUART.c:95:6:HAL_LPUART_Write_TE	16	static
../HAL/Source/HAL_LPUART.c:106:6:HAL_LPUART_Write_RE	16	static
../HAL/Source/HAL_LPUART.c:117:6:HAL_LPUART_Write_RIE	16	static
../HAL/Source/HAL_LPUART.c:128:6:HAL_LPUART_Write_TIE	16	static
../HAL/Source/HAL_LPUART.c:138:9:HAL_LPUART_Read_TIE	24	static
../HAL/Source/HAL_LPUART.c:154:6:HAL_LPUART_Write_M10	16	static
../HAL/Source/HAL_LPUART.c:165:6:HAL_LPUART_Write_OSR	16	static
../HAL/Source/HAL_LPUART.c:176:6:HAL_LPUART_Write_SBR	16	static
../HAL/Source/HAL_LPUART.c:187:6:HAL_LPUART_Write_M7	16	static
../HAL/Source/HAL_LPUART.c:198:6:HAL_LPUART_Write_M	16	static
../HAL/Source/HAL_LPUART.c:209:6:HAL_LPUART_Write_PE	16	static
../HAL/Source/HAL_LPUART.c:220:6:HAL_LPUART_Write_PT	16	static
../HAL/Source/HAL_LPUART.c:231:6:HAL_LPUART_Write_MSBF	16	static
../HAL/Source/HAL_LPUART.c:242:6:HAL_LPUART_Write_SBNS	16	static
../HAL/Source/HAL_LPUART.c:253:6:HAL_LPUART_Write_RXFE	16	static
../HAL/Source/HAL_LPUART.c:263:9:HAL_LPUART_Read_RDRF	24	static
../HAL/Source/HAL_LPUART.c:278:9:HAL_LPUART_Read_TDRE	24	static
../HAL/Source/HAL_LPUART.c:293:9:HAL_LPUART_Read_DATA	16	static
../HAL/Source/HAL_LPUART.c:304:6:HAL_LPUART_Write_DATA	16	static
../HAL/Source/HAL_LPUART.c:315:6:HAL_LPUART_Write_TXFE	16	static
