../startup/startup_mke16z4.c:255:6:data_init	8	static
../startup/startup_mke16z4.c:264:6:bss_init	0	static
../startup/startup_mke16z4.c:289:6:ResetISR	0	static
../startup/startup_mke16z4.c:394:14:NMI_Handler	0	static
../startup/startup_mke16z4.c:398:14:HardFault_Handler	0	static
../startup/startup_mke16z4.c:402:14:SVC_Handler	0	static
../startup/startup_mke16z4.c:406:14:PendSV_Handler	0	static
../startup/startup_mke16z4.c:410:14:SysTick_Handler	0	static
../startup/startup_mke16z4.c:418:14:IntDefaultHandler	0	static
../startup/startup_mke16z4.c:428:14:Reserved16_IRQHandler	8	static
../startup/startup_mke16z4.c:432:14:Reserved17_IRQHandler	8	static
../startup/startup_mke16z4.c:436:14:Reserved18_IRQHandler	8	static
../startup/startup_mke16z4.c:440:14:Reserved19_IRQHandler	8	static
../startup/startup_mke16z4.c:444:14:Reserved20_IRQHandler	8	static
../startup/startup_mke16z4.c:448:14:FTFA_IRQHandler	8	static
../startup/startup_mke16z4.c:452:14:LVD_LVW_IRQHandler	8	static
../startup/startup_mke16z4.c:456:14:PORTAE_IRQHandler	8	static
../startup/startup_mke16z4.c:460:14:LPI2C0_IRQHandler	8	static
../startup/startup_mke16z4.c:464:14:Reserved25_IRQHandler	8	static
../startup/startup_mke16z4.c:468:14:LPSPI0_IRQHandler	8	static
../startup/startup_mke16z4.c:472:14:Reserved27_IRQHandler	8	static
../startup/startup_mke16z4.c:476:14:LPUART0_IRQHandler	8	static
../startup/startup_mke16z4.c:480:14:LPUART1_IRQHandler	8	static
../startup/startup_mke16z4.c:484:14:LPUART2_IRQHandler	8	static
../startup/startup_mke16z4.c:488:14:ADC0_IRQHandler	8	static
../startup/startup_mke16z4.c:492:14:CMP0_IRQHandler	8	static
../startup/startup_mke16z4.c:496:14:FTM0_IRQHandler	8	static
../startup/startup_mke16z4.c:500:14:FTM1_IRQHandler	8	static
../startup/startup_mke16z4.c:504:14:Reserved35_IRQHandler	8	static
../startup/startup_mke16z4.c:508:14:RTC_IRQHandler	8	static
../startup/startup_mke16z4.c:512:14:Reserved37_IRQHandler	8	static
../startup/startup_mke16z4.c:516:14:LPIT0_IRQHandler	8	static
../startup/startup_mke16z4.c:520:14:Reserved39_IRQHandler	8	static
../startup/startup_mke16z4.c:524:14:TSI_IRQHandler	8	static
../startup/startup_mke16z4.c:528:14:PDB0_IRQHandler	8	static
../startup/startup_mke16z4.c:532:14:PORTBCD_IRQHandler	8	static
../startup/startup_mke16z4.c:536:14:SCG_RCM_IRQHandler	8	static
../startup/startup_mke16z4.c:540:14:WDOG_EWM_IRQHandler	8	static
../startup/startup_mke16z4.c:544:14:PWT_LPTMR0_IRQHandler	8	static
../startup/startup_mke16z4.c:548:14:MSCAN_Rx_IRQHandler	8	static
../startup/startup_mke16z4.c:552:14:MSCAN_ORed_IRQHandler	8	static
